[    0.000000] Linux version 4.15.0-212-generic (buildd@lcy02-amd64-083) (gcc version 7.5.0 (Ubuntu 7.5.0-3ubuntu1~18.04)) #223-Ubuntu SMP Tue May 23 13:09:22 UTC 2023 (Ubuntu 4.15.0-212.223-generic 4.15.18)
[    0.000000] Command line: BOOT_IMAGE=/boot/vmlinuz-4.15.0-212-generic root=LABEL=cloudimg-rootfs ro console=tty1 console=ttyS0
[    0.000000] KERNEL supported cpus:
[    0.000000]   Intel GenuineIntel
[    0.000000]   AMD AuthenticAMD
[    0.000000]   Centaur CentaurHauls
[    0.000000] [Firmware Bug]: TSC doesn't count with P0 frequency!
[    0.000000] x86/fpu: x87 FPU will use FXSAVE
[    0.000000] e820: BIOS-provided physical RAM map:
[    0.000000] BIOS-e820: [mem 0x0000000000000000-0x000000000009fbff] usable
[    0.000000] BIOS-e820: [mem 0x000000000009fc00-0x000000000009ffff] reserved
[    0.000000] BIOS-e820: [mem 0x00000000000f0000-0x00000000000fffff] reserved
[    0.000000] BIOS-e820: [mem 0x0000000000100000-0x000000003ffeffff] usable
[    0.000000] BIOS-e820: [mem 0x000000003fff0000-0x000000003fffffff] ACPI data
[    0.000000] BIOS-e820: [mem 0x00000000fec00000-0x00000000fec00fff] reserved
[    0.000000] BIOS-e820: [mem 0x00000000fee00000-0x00000000fee00fff] reserved
[    0.000000] BIOS-e820: [mem 0x00000000fffc0000-0x00000000ffffffff] reserved
[    0.000000] NX (Execute Disable) protection: active
[    0.000000] SMBIOS 2.5 present.
[    0.000000] DMI: innotek GmbH VirtualBox/VirtualBox, BIOS VirtualBox 12/01/2006
[    0.000000] Hypervisor detected: KVM
[    0.000000] e820: last_pfn = 0x3fff0 max_arch_pfn = 0x400000000
[    0.000000] MTRR: Disabled
[    0.000000] x86/PAT: MTRRs disabled, skipping PAT initialization too.
[    0.000000] CPU MTRRs all blank - virtualized system.
[    0.000000] x86/PAT: Configuration [0-7]: WB  WT  UC- UC  WB  WT  UC- UC  
[    0.000000] found SMP MP-table at [mem 0x0009fff0-0x0009ffff]
[    0.000000] Scanning 1 areas for low memory corruption
[    0.000000] RAMDISK: [mem 0x359cb000-0x36cdcfff]
[    0.000000] ACPI: Early table checksum verification disabled
[    0.000000] ACPI: RSDP 0x00000000000E0000 000024 (v02 VBOX  )
[    0.000000] ACPI: XSDT 0x000000003FFF0030 00003C (v01 VBOX   VBOXXSDT 00000001 ASL  00000061)
[    0.000000] ACPI: FACP 0x000000003FFF00F0 0000F4 (v04 VBOX   VBOXFACP 00000001 ASL  00000061)
[    0.000000] ACPI: DSDT 0x000000003FFF0610 002353 (v02 VBOX   VBOXBIOS 00000002 INTL 20100528)
[    0.000000] ACPI: FACS 0x000000003FFF0200 000040
[    0.000000] ACPI: FACS 0x000000003FFF0200 000040
[    0.000000] ACPI: APIC 0x000000003FFF0240 00005C (v02 VBOX   VBOXAPIC 00000001 ASL  00000061)
[    0.000000] ACPI: SSDT 0x000000003FFF02A0 00036C (v01 VBOX   VBOXCPUT 00000002 INTL 20100528)
[    0.000000] ACPI: Reserving FACP table memory at [mem 0x3fff00f0-0x3fff01e3]
[    0.000000] ACPI: Reserving DSDT table memory at [mem 0x3fff0610-0x3fff2962]
[    0.000000] ACPI: Reserving FACS table memory at [mem 0x3fff0200-0x3fff023f]
[    0.000000] ACPI: Reserving FACS table memory at [mem 0x3fff0200-0x3fff023f]
[    0.000000] ACPI: Reserving APIC table memory at [mem 0x3fff0240-0x3fff029b]
[    0.000000] ACPI: Reserving SSDT table memory at [mem 0x3fff02a0-0x3fff060b]
[    0.000000] No NUMA configuration found
[    0.000000] Faking a node at [mem 0x0000000000000000-0x000000003ffeffff]
[    0.000000] NODE_DATA(0) allocated [mem 0x3ffc5000-0x3ffeffff]
[    0.000000] kvm-clock: cpu 0, msr 0:3ff44001, primary cpu clock
[    0.000000] kvm-clock: Using msrs 4b564d01 and 4b564d00
[    0.000000] kvm-clock: using sched offset of 4436871568 cycles
[    0.000000] clocksource: kvm-clock: mask: 0xffffffffffffffff max_cycles: 0x1cd42e4dffb, max_idle_ns: 881590591483 ns
[    0.000000] Zone ranges:
[    0.000000]   DMA      [mem 0x0000000000001000-0x0000000000ffffff]
[    0.000000]   DMA32    [mem 0x0000000001000000-0x000000003ffeffff]
[    0.000000]   Normal   empty
[    0.000000]   Device   empty
[    0.000000] Movable zone start for each node
[    0.000000] Early memory node ranges
[    0.000000]   node   0: [mem 0x0000000000001000-0x000000000009efff]
[    0.000000]   node   0: [mem 0x0000000000100000-0x000000003ffeffff]
[    0.000000] Reserved but unavailable: 104 pages
[    0.000000] Initmem setup node 0 [mem 0x0000000000001000-0x000000003ffeffff]
[    0.000000] ACPI: PM-Timer IO Port: 0x4008
[    0.000000] IOAPIC[0]: apic_id 2, version 32, address 0xfec00000, GSI 0-23
[    0.000000] ACPI: INT_SRC_OVR (bus 0 bus_irq 0 global_irq 2 dfl dfl)
[    0.000000] ACPI: INT_SRC_OVR (bus 0 bus_irq 9 global_irq 9 low level)
[    0.000000] Using ACPI (MADT) for SMP configuration information
[    0.000000] smpboot: Allowing 2 CPUs, 0 hotplug CPUs
[    0.000000] PM: Registered nosave memory: [mem 0x00000000-0x00000fff]
[    0.000000] PM: Registered nosave memory: [mem 0x0009f000-0x0009ffff]
[    0.000000] PM: Registered nosave memory: [mem 0x000a0000-0x000effff]
[    0.000000] PM: Registered nosave memory: [mem 0x000f0000-0x000fffff]
[    0.000000] e820: [mem 0x40000000-0xfebfffff] available for PCI devices
[    0.000000] Booting paravirtualized kernel on KVM
[    0.000000] clocksource: refined-jiffies: mask: 0xffffffff max_cycles: 0xffffffff, max_idle_ns: 7645519600211568 ns
[    0.000000] setup_percpu: NR_CPUS:8192 nr_cpumask_bits:2 nr_cpu_ids:2 nr_node_ids:1
[    0.000000] percpu: Embedded 50 pages/cpu s167936 r8192 d28672 u1048576
[    0.000000] PV qspinlock hash table entries: 256 (order: 0, 4096 bytes)
[    0.000000] Built 1 zonelists, mobility grouping on.  Total pages: 257913
[    0.000000] Policy zone: DMA32
[    0.000000] Kernel command line: BOOT_IMAGE=/boot/vmlinuz-4.15.0-212-generic root=LABEL=cloudimg-rootfs ro console=tty1 console=ttyS0
[    0.000000] Memory: 982644K/1048120K available (12300K kernel code, 2477K rwdata, 4324K rodata, 2480K init, 2720K bss, 65476K reserved, 0K cma-reserved)
[    0.000000] SLUB: HWalign=64, Order=0-3, MinObjects=0, CPUs=2, Nodes=1
[    0.000000] ftrace: allocating 39508 entries in 155 pages
[    0.004000] Hierarchical RCU implementation.
[    0.004000] 	RCU restricting CPUs from NR_CPUS=8192 to nr_cpu_ids=2.
[    0.004000] 	Tasks RCU enabled.
[    0.004000] RCU: Adjusting geometry for rcu_fanout_leaf=16, nr_cpu_ids=2
[    0.004000] NR_IRQS: 524544, nr_irqs: 440, preallocated irqs: 16
[    0.004000] random: crng init done
[    0.004000] Console: colour VGA+ 80x25
[    0.004000] console [tty1] enabled
[    0.004000] console [ttyS0] enabled
[    0.004000] ACPI: Core revision 20170831
[    0.004000] ACPI: 2 ACPI AML tables successfully acquired and loaded
[    0.004000] APIC: Switch to symmetric I/O mode setup
[    0.008000] ..TIMER: vector=0x30 apic1=0 pin1=2 apic2=-1 pin2=-1
[    0.008010] tsc: Detected 1996.186 MHz processor
[    0.012012] Calibrating delay loop (skipped) preset value.. 3992.37 BogoMIPS (lpj=7984744)
[    0.016009] pid_max: default: 32768 minimum: 301
[    0.020125] Security Framework initialized
[    0.024004] Yama: becoming mindful.
[    0.028112] AppArmor: AppArmor initialized
[    0.040318] Dentry cache hash table entries: 131072 (order: 8, 1048576 bytes)
[    0.046462] Inode-cache hash table entries: 65536 (order: 7, 524288 bytes)
[    0.048090] Mount-cache hash table entries: 2048 (order: 2, 16384 bytes)
[    0.052121] Mountpoint-cache hash table entries: 2048 (order: 2, 16384 bytes)
[    0.058132] Last level iTLB entries: 4KB 1024, 2MB 1024, 4MB 512
[    0.060008] Last level dTLB entries: 4KB 1536, 2MB 1536, 4MB 768, 1GB 0
[    0.064006] Spectre V1 : Mitigation: usercopy/swapgs barriers and __user pointer sanitization
[    0.068004] Spectre V2 : Mitigation: Retpolines
[    0.072003] Spectre V2 : Spectre v2 / SpectreRSB mitigation: Filling RSB on context switch
[    0.076002] Spectre V2 : Spectre v2 / SpectreRSB : Filling RSB on VMEXIT
[    0.080003] RETBleed: Vulnerable
[    0.084208] Freeing SMP alternatives memory: 36K
[    0.200878] smpboot: CPU0: AMD Ryzen 5 2500U with Radeon Vega Mobile Gfx (family: 0x17, model: 0x11, stepping: 0x0)
[    0.204640] Performance Events: PMU not available due to virtualization, using software events only.
[    0.208198] Hierarchical SRCU implementation.
[    0.216689] NMI watchdog: Perf event create on CPU 0 failed with -2
[    0.224004] NMI watchdog: Perf NMI watchdog permanently disabled
[    0.228445] smp: Bringing up secondary CPUs ...
[    0.233297] x86: Booting SMP configuration:
[    0.236091] .... node  #0, CPUs:      #1
[    0.004000] kvm-clock: cpu 1, msr 0:3ff44041, secondary cpu clock
[    0.255766] TSC synchronization [CPU#0 -> CPU#1]:
[    0.256000] Measured 82460 cycles TSC warp between CPUs, turning off TSC clock.
[    0.256000] tsc: Marking TSC unstable due to check_tsc_sync_source failed
[    0.264432] smp: Brought up 1 node, 2 CPUs
[    0.268013] smpboot: Max logical packages: 1
[    0.272016] smpboot: Total of 2 processors activated (7984.74 BogoMIPS)
[    0.280334] devtmpfs: initialized
[    0.284724] x86/mm: Memory block size: 128MB
[    0.292701] evm: security.selinux
[    0.300006] evm: security.SMACK64
[    0.308004] evm: security.SMACK64EXEC
[    0.316004] evm: security.SMACK64TRANSMUTE
[    0.324003] evm: security.SMACK64MMAP
[    0.328014] evm: security.apparmor
[    0.336003] evm: security.ima
[    0.340005] evm: security.capability
[    0.352742] clocksource: jiffies: mask: 0xffffffff max_cycles: 0xffffffff, max_idle_ns: 7645041785100000 ns
[    0.372024] futex hash table entries: 512 (order: 3, 32768 bytes)
[    0.380497] pinctrl core: initialized pinctrl subsystem
[    0.392731] RTC time:  9:35:47, date: 11/03/23
[    0.401655] NET: Registered protocol family 16
[    0.408222] audit: initializing netlink subsys (disabled)
[    0.416257] audit: type=2000 audit(1699004152.636:1): state=initialized audit_enabled=0 res=1
[    0.424128] cpuidle: using governor ladder
[    0.432356] cpuidle: using governor menu
[    0.440418] ACPI: bus type PCI registered
[    0.444010] acpiphp: ACPI Hot Plug PCI Controller Driver version: 0.5
[    0.452007] PCI: Using configuration type 1 for base access
[    0.456003] PCI: Using configuration type 1 for extended access
[    0.468622] HugeTLB registered 2.00 MiB page size, pre-allocated 0 pages
[    0.476571] ACPI: Added _OSI(Module Device)
[    0.480007] ACPI: Added _OSI(Processor Device)
[    0.484003] ACPI: Added _OSI(3.0 _SCP Extensions)
[    0.488003] ACPI: Added _OSI(Processor Aggregator Device)
[    0.492004] ACPI: Added _OSI(Linux-Dell-Video)
[    0.496011] ACPI: Added _OSI(Linux-Lenovo-NV-HDMI-Audio)
[    0.500008] ACPI: Added _OSI(Linux-HPI-Hybrid-Graphics)
[    0.508874] ACPI: Executed 1 blocks of module-level executable AML code
[    0.521125] ACPI: Interpreter enabled
[    0.524016] ACPI: (supports S0 S5)
[    0.528004] ACPI: Using IOAPIC for interrupt routing
[    0.536302] PCI: Using host bridge windows from ACPI; if necessary, use "pci=nocrs" and report a bug
[    0.540313] ACPI: Enabled 2 GPEs in block 00 to 07
[    0.559522] ACPI: PCI Root Bridge [PCI0] (domain 0000 [bus 00-ff])
[    0.560009] acpi PNP0A03:00: _OSC: OS supports [ExtendedConfig ASPM ClockPM Segments MSI]
[    0.568193] acpi PNP0A03:00: _OSC: platform does not support [PCIeCapability]
[    0.576464] acpi PNP0A03:00: _OSC: not requesting control; platform does not support [PCIeCapability]
[    0.580004] acpi PNP0A03:00: _OSC: OS requested [PCIeHotplug PME AER PCIeCapability]
[    0.584004] acpi PNP0A03:00: _OSC: platform willing to grant [PCIeHotplug PME AER]
[    0.588004] acpi PNP0A03:00: _OSC failed (AE_SUPPORT); disabling ASPM
[    0.596378] PCI host bridge to bus 0000:00
[    0.600005] pci_bus 0000:00: root bus resource [io  0x0000-0x0cf7 window]
[    0.604004] pci_bus 0000:00: root bus resource [io  0x0d00-0xffff window]
[    0.608004] pci_bus 0000:00: root bus resource [mem 0x000a0000-0x000bffff window]
[    0.612005] pci_bus 0000:00: root bus resource [mem 0x40000000-0xfdffffff window]
[    0.616005] pci_bus 0000:00: root bus resource [bus 00-ff]
[    0.630623] pci 0000:00:01.1: legacy IDE quirk: reg 0x10: [io  0x01f0-0x01f7]
[    0.632004] pci 0000:00:01.1: legacy IDE quirk: reg 0x14: [io  0x03f6]
[    0.636004] pci 0000:00:01.1: legacy IDE quirk: reg 0x18: [io  0x0170-0x0177]
[    0.640004] pci 0000:00:01.1: legacy IDE quirk: reg 0x1c: [io  0x0376]
[    0.671527] pci 0000:00:07.0: quirk: [io  0x4000-0x403f] claimed by PIIX4 ACPI
[    0.672051] pci 0000:00:07.0: quirk: [io  0x4100-0x410f] claimed by PIIX4 SMB
[    0.690227] ACPI: PCI Interrupt Link [LNKA] (IRQs 5 9 10 *11)
[    0.692783] ACPI: PCI Interrupt Link [LNKB] (IRQs 5 9 *10 11)
[    0.696294] ACPI: PCI Interrupt Link [LNKC] (IRQs 5 *9 10 11)
[    0.700299] ACPI: PCI Interrupt Link [LNKD] (IRQs 5 9 10 *11)
[    0.704767] SCSI subsystem initialized
[    0.712308] pci 0000:00:02.0: vgaarb: setting as boot VGA device
[    0.716000] pci 0000:00:02.0: vgaarb: VGA device added: decodes=io+mem,owns=io+mem,locks=none
[    0.740008] pci 0000:00:02.0: vgaarb: bridge control possible
[    0.752005] vgaarb: loaded
[    0.760111] ACPI: bus type USB registered
[    0.768101] usbcore: registered new interface driver usbfs
[    0.784031] usbcore: registered new interface driver hub
[    0.792019] usbcore: registered new device driver usb
[    0.800495] EDAC MC: Ver: 3.0.0
[    0.808435] PCI: Using ACPI for IRQ routing
[    0.816254] NetLabel: Initializing
[    0.820003] NetLabel:  domain hash size = 128
[    0.824003] NetLabel:  protocols = UNLABELED CIPSOv4 CALIPSO
[    0.832103] NetLabel:  unlabeled traffic allowed by default
[    0.840563] clocksource: Switched to clocksource kvm-clock
[    0.878136] VFS: Disk quotas dquot_6.6.0
[    0.878136] VFS: Dquot-cache hash table entries: 512 (order 0, 4096 bytes)
[    0.878136] AppArmor: AppArmor Filesystem Enabled
[    0.878136] pnp: PnP ACPI init
[    0.878136] pnp: PnP ACPI: found 3 devices
[    0.992930] clocksource: acpi_pm: mask: 0xffffff max_cycles: 0xffffff, max_idle_ns: 2085701024 ns
[    0.996356] NET: Registered protocol family 2
[    0.996356] IP idents hash table entries: 16384 (order: 5, 131072 bytes)
[    1.013965] TCP established hash table entries: 8192 (order: 4, 65536 bytes)
[    1.021224] TCP bind hash table entries: 8192 (order: 5, 131072 bytes)
[    1.024850] TCP: Hash tables configured (established 8192 bind 8192)
[    1.024850] UDP hash table entries: 512 (order: 2, 16384 bytes)
[    1.024850] UDP-Lite hash table entries: 512 (order: 2, 16384 bytes)
[    1.024850] NET: Registered protocol family 1
[    1.024850] pci 0000:00:00.0: Limiting direct PCI/PCI transfers
[    1.024850] pci 0000:00:01.0: Activating ISA DMA hang workarounds
[    1.024850] pci 0000:00:02.0: Video device with shadowed ROM at [mem 0x000c0000-0x000dffff]
[    1.024850] Unpacking initramfs...
[    1.666983] Freeing initrd memory: 19528K
[    1.671720] clocksource: tsc: mask: 0xffffffffffffffff max_cycles: 0x398c36fe48b, max_idle_ns: 881590820471 ns
[    1.682599] platform rtc_cmos: registered platform RTC device (no PNP device found)
[    1.691625] Scanning for low memory corruption every 60 seconds
[    1.702146] Initialise system trusted keyrings
[    1.708239] Key type blacklist registered
[    1.713495] workingset: timestamp_bits=36 max_order=18 bucket_order=0
[    1.723808] zbud: loaded
[    1.729546] squashfs: version 4.0 (2009/01/31) Phillip Lougher
[    1.740240] fuse init (API version 7.26)
[    1.789842] Key type asymmetric registered
[    1.796949] Asymmetric key parser 'x509' registered
[    1.804602] Block layer SCSI generic (bsg) driver version 0.4 loaded (major 246)
[    1.816391] io scheduler noop registered
[    1.822426] io scheduler deadline registered
[    1.828007] io scheduler cfq registered (default)
[    1.834835] ACPI: AC Adapter [AC] (on-line)
[    1.840571] input: Power Button as /devices/LNXSYSTM:00/LNXPWRBN:00/input/input0
[    1.848911] ACPI: Power Button [PWRF]
[    1.853717] input: Sleep Button as /devices/LNXSYSTM:00/LNXSLPBN:00/input/input1
[    1.861783] ACPI: Sleep Button [SLPF]
[    1.867700] Serial: 8250/16550 driver, 32 ports, IRQ sharing enabled
[    1.869401] ACPI: Battery Slot [BAT0] (battery present)
[    1.913648] 00:02: ttyS0 at I/O 0x3f8 (irq = 4, base_baud = 115200) is a 16550A
[    1.947024] Linux agpgart interface v0.103
[    1.965861] loop: module loaded
[    1.977872] scsi host0: ata_piix
[    1.985965] scsi host1: ata_piix
[    1.990083] ata1: PATA max UDMA/33 cmd 0x1f0 ctl 0x3f6 bmdma 0xd000 irq 14
[    1.993988] ata2: PATA max UDMA/33 cmd 0x170 ctl 0x376 bmdma 0xd008 irq 15
[    2.004529] tun: Universal TUN/TAP device driver, 1.6
[    2.011197] PPP generic driver version 2.4.2
[    2.017893] ehci_hcd: USB 2.0 'Enhanced' Host Controller (EHCI) Driver
[    2.025255] ehci-pci: EHCI PCI platform driver
[    2.030370] ehci-platform: EHCI generic platform driver
[    2.035817] ohci_hcd: USB 1.1 'Open' Host Controller (OHCI) Driver
[    2.042062] ohci-pci: OHCI PCI platform driver
[    2.047688] ohci-platform: OHCI generic platform driver
[    2.053227] uhci_hcd: USB Universal Host Controller Interface driver
[    2.060249] i8042: PNP: PS/2 Controller [PNP0303:PS2K,PNP0f03:PS2M] at 0x60,0x64 irq 1,12
[    2.073020] serio: i8042 KBD port at 0x60,0x64 irq 1
[    2.078196] serio: i8042 AUX port at 0x60,0x64 irq 12
[    2.085431] mousedev: PS/2 mouse device common for all mice
[    2.097510] input: AT Translated Set 2 keyboard as /devices/platform/i8042/serio0/input/input2
[    2.098106] rtc_cmos rtc_cmos: rtc core: registered rtc_cmos as rtc0
[    2.117749] rtc_cmos rtc_cmos: alarms up to one day, 114 bytes nvram
[    2.127391] i2c /dev entries driver
[    2.133861] device-mapper: uevent: version 1.0.3
[    2.142661] device-mapper: ioctl: 4.37.0-ioctl (2017-09-20) initialised: dm-devel@redhat.com
[    2.156645] ledtrig-cpu: registered to indicate activity on CPUs
[    2.169280] NET: Registered protocol family 10
[    2.183916] Segment Routing with IPv6
[    2.190226] NET: Registered protocol family 17
[    2.196386] Key type dns_resolver registered
[    2.205434] mce: Using 0 MCE banks
[    2.211309] RAS: Correctable Errors collector initialized.
[    2.219287] sched_clock: Marking stable (2219190130, 0)->(3149823047, -930632917)
[    2.240997] registered taskstats version 1
[    2.245985] Loading compiled-in X.509 certificates
[    2.258349] Loaded X.509 cert 'Build time autogenerated kernel key: b5b26778eaa3ab3a4a6cee031137706e947d12ad'
[    2.269318] Loaded X.509 cert 'Canonical Ltd. Live Patch Signing: 14df34d1a87cf37625abec039ef2bf521249b969'
[    2.280087] Loaded X.509 cert 'Canonical Ltd. Kernel Module Signing: 88f752e560a1e0737e31163a466ad7b70a850c19'
[    2.291614] blacklist: Loading compiled-in revocation X.509 certificates
[    2.298783] Loaded X.509 cert 'Canonical Ltd. Secure Boot Signing: 61482aa2830d0ab2ad5af10b7250da9033ddcef0'
[    2.309267] Loaded X.509 cert 'Canonical Ltd. Secure Boot Signing (2017): 242ade75ac4a15e50d50c84b0d45ff3eae707a03'
[    2.326991] Loaded X.509 cert 'Canonical Ltd. Secure Boot Signing (ESM 2018): 365188c1d374d6b07c3c8f240f8ef722433d6a8b'
[    2.344291] Loaded X.509 cert 'Canonical Ltd. Secure Boot Signing (2019): c0746fd6c5da3ae827864651ad66ae47fe24b3e8'
[    2.361170] Loaded X.509 cert 'Canonical Ltd. Secure Boot Signing (2021 v1): a8d54bbb3825cfb94fa13c9f8a594a195c107b8d'
[    2.373119] Loaded X.509 cert 'Canonical Ltd. Secure Boot Signing (2021 v2): 4cf046892d6fd3c9a5b03f98d845f90851dc6a8c'
[    2.389299] Loaded X.509 cert 'Canonical Ltd. Secure Boot Signing (2021 v3): 100437bb6de6e469b581e61cd66bce3ef4ed53af'
[    2.401652] Loaded X.509 cert 'Canonical Ltd. Secure Boot Signing (Ubuntu Core 2019): c1d57b8f6b743f23ee41f4f7ee292f06eecadfb9'
[    2.414096] zswap: loaded using pool lzo/zbud
[    2.433348] Key type big_key registered
[    2.438126] Key type trusted registered
[    2.448857] Key type encrypted registered
[    2.453972] AppArmor: AppArmor sha1 policy hashing enabled
[    2.460616] ima: No TPM chip found, activating TPM-bypass! (rc=-19)
[    2.467661] ima: Allocated hash algorithm: sha1
[    2.473540] evm: HMAC attrs: 0x1
[    2.478699]   Magic number: 15:238:575
[    2.483742]  workqueue: hash matches
[    2.489516] rtc_cmos rtc_cmos: setting system clock to 2023-11-03 09:35:49 UTC (1699004149)
[    2.499318] BIOS EDD facility v0.16 2004-Jun-25, 0 devices found
[    2.506389] EDD information not available.
[    2.515793] Freeing unused kernel image memory: 2480K
[    2.532862] Write protecting the kernel read-only data: 20480k
[    2.542385] Freeing unused kernel image memory: 2008K
[    2.549128] Freeing unused kernel image memory: 1820K
[    2.562278] x86/mm: Checked W+X mappings: passed, no W+X pages found.
Loading, please wait...
starting version 237
[    2.673511] Fusion MPT base driver 3.04.20
[    2.679354] Copyright (c) 1999-2008 LSI Corporation
[    2.688753] e1000: Intel(R) PRO/1000 Network Driver - version 7.3.21-k8-NAPI
[    2.697301] e1000: Copyright (c) 1999-2006 Intel Corporation.
[    2.725197] Fusion MPT SPI Host driver 3.04.20
[    2.763611] SSE version of gcm_enc/dec engaged.
[    3.008510] input: ImExPS/2 Generic Explorer Mouse as /devices/platform/i8042/serio1/input/input4
[    3.465318] e1000 0000:00:03.0 eth0: (PCI:33MHz:32-bit) 02:3b:7b:b7:3b:2d
[    3.472049] e1000 0000:00:03.0 eth0: Intel(R) PRO/1000 Network Connection
[    3.483080] e1000 0000:00:03.0 enp0s3: renamed from eth0
[    3.483976] mptbase: ioc0: Initiating bringup
[    3.615160] ioc0: LSI53C1030 A0: Capabilities={Initiator}
[    3.915067] scsi host2: ioc0: LSI53C1030 A0, FwRev=00000000h, Ports=1, MaxQ=256, IRQ=20
[    4.409859] scsi 2:0:0:0: Direct-Access     VBOX     HARDDISK         1.0  PQ: 0 ANSI: 5
[    4.452510] scsi target2:0:0: Beginning Domain Validation
[    4.471502] scsi target2:0:0: Domain Validation skipping write tests
[    4.479759] scsi target2:0:0: Ending Domain Validation
[    4.486824] scsi target2:0:0: asynchronous
[    4.496339] scsi 2:0:1:0: Direct-Access     VBOX     HARDDISK         1.0  PQ: 0 ANSI: 5
[    4.668310] scsi target2:0:1: Beginning Domain Validation
[    4.686411] scsi target2:0:1: Domain Validation skipping write tests
[    4.695060] scsi target2:0:1: Ending Domain Validation
[    4.702696] scsi target2:0:1: asynchronous
[    4.726376] sd 2:0:0:0: Attached scsi generic sg0 type 0
[    4.735781] sd 2:0:1:0: Attached scsi generic sg1 type 0
[    4.736056] sd 2:0:0:0: [sda] 83886080 512-byte logical blocks: (42.9 GB/40.0 GiB)
[    4.757158] sd 2:0:0:0: [sda] Write Protect is off
[    4.757254] sd 2:0:1:0: [sdb] 20480 512-byte logical blocks: (10.5 MB/10.0 MiB)
[    4.763795] sd 2:0:0:0: [sda] Incomplete mode parameter data
[    4.782173] sd 2:0:0:0: [sda] Assuming drive cache: write through
[    4.782468] sd 2:0:1:0: [sdb] Write Protect is off
[    4.798914] sd 2:0:1:0: [sdb] Incomplete mode parameter data
[    4.803823]  sda: sda1
[    4.807595] sd 2:0:1:0: [sdb] Assuming drive cache: write through
[    4.824664] sd 2:0:0:0: [sda] Attached SCSI disk
[    4.837759] sd 2:0:1:0: [sdb] Attached SCSI disk
Begin: Loading essential drivers ... [    7.252279] raid6: sse2x1   gen()  5039 MB/s
[    7.304027] raid6: sse2x1   xor()  6657 MB/s
[    7.356223] raid6: sse2x2   gen() 14444 MB/s
[    7.408174] raid6: sse2x2   xor()  9385 MB/s
[    7.460978] raid6: sse2x4   gen() 15024 MB/s
[    7.512081] raid6: sse2x4   xor()  8046 MB/s
[    7.518382] raid6: using algorithm sse2x4 gen() 15024 MB/s
[    7.525199] raid6: .... xor() 8046 MB/s, rmw enabled
[    7.531206] raid6: using ssse3x2 recovery algorithm
[    7.540381] xor: measuring software checksum speed
[    7.584286]    prefetch64-sse: 15428.000 MB/sec
[    7.629261]    generic_sse: 14202.000 MB/sec
[    7.634514] xor: using function: prefetch64-sse (15428.000 MB/sec)
[    7.643983] async_tx: api initialized (async)
done.
Begin: Running /scripts/init-premount ... done.
Begin: Mounting root file system ... Begin: Running /scripts/local-top ... done.
Begin: Running /scripts/local-premount ... [    7.741152] Btrfs loaded, crc32c=crc32c-intel
Scanning for Btrfs filesystems
done.
Warning: fsck not present, so skipping root file system
[    7.852530] EXT4-fs (sda1): INFO: recovery required on readonly filesystem
[    7.859773] EXT4-fs (sda1): write access will be enabled during recovery
[    8.106737] EXT4-fs (sda1): recovery complete
[    8.112734] EXT4-fs (sda1): mounted filesystem with ordered data mode. Opts: (null)
done.
Begin: Running /scripts/local-bottom ... done.
Begin: Running /scripts/init-bottom ... done.
[    8.382176] ip_tables: (C) 2000-2006 Netfilter Core Team
[    8.409166] systemd[1]: systemd 237 running in system mode. (+PAM +AUDIT +SELINUX +IMA +APPARMOR +SMACK +SYSVINIT +UTMP +LIBCRYPTSETUP +GCRYPT +GNUTLS +ACL +XZ +LZ4 +SECCOMP +BLKID +ELFUTILS +KMOD -IDN2 +IDN -PCRE2 default-hierarchy=hybrid)
[    8.432812] systemd[1]: Detected virtualization oracle.
[    8.438388] systemd[1]: Detected architecture x86-64.

Welcome to [1mUbuntu 18.04.6 LTS[0m!

[    8.485639] systemd[1]: Set hostname to <ubuntu-bionic>.
[    8.995333] systemd[1]: Reached target User and Group Name Lookups.
[[0;32m  OK  [0m] Reached target User and Group Name Lookups.
[    9.020436] systemd[1]: Created slice User and Session Slice.
[[0;32m  OK  [0m] Created slice User and Session Slice.
[    9.030652] systemd[1]: Reached target System Time Synchronized.
[[0;32m  OK  [0m] Reached target System Time Synchronized.
[    9.040249] systemd[1]: Reached target Swap.
[[0;32m  OK  [0m] Reached target Swap.
[    9.047199] systemd[1]: Reached target Mounting snaps.
[[0;32m  OK  [0m] Reached target Mounting snaps.
[    9.056438] systemd[1]: Reached target Mounted snaps.
[[0;32m  OK  [0m] Reached target Mounted snaps.
[[0;32m  OK  [0m] Created slice System Slice.
[[0;32m  OK  [0m] Listening on LVM2 metadata daemon socket.
[[0;32m  OK  [0m] Listening on Syslog Socket.
[[0;32m  OK  [0m] Listening on Journal Socket.
         Starting Uncomplicated firewall...
         Mounting Kernel Debug File System...
[[0;32m  OK  [0m] Created slice system-serial\x2dgetty.slice.
[[0;32m  OK  [0m] Listening on Journal Audit Socket.
[[0;32m  OK  [0m] Listening on LVM2 poll daemon socket.
[[0;32m  OK  [0m] Listening on Device-mapper event daemon FIFOs.
         Starting Monitoring of LVM2 mirrorsâ€¦ng dmeventd or progress polling...
         Mounting Huge Pages File System...
[[0;32m  OK  [0m] Listening on /dev/initctl Compatibility Named Pipe.
[[0;32m  OK  [0m] Listening on Network Service Netlink Socket.
[[0;32m  OK  [0m] Reached target Slices.
[[0;32m  OK  [0m] Listening on Journal Socket (/dev/log).
         Starting Journal Service...
         Starting Create list of required stâ€¦ce nodes for the current kernel...
[[0;32m  OK  [0m] Listening on udev Control Socket.
         Mounting POSIX Message Queue File System...
[[0;32m  OK  [0m] Set up automount Arbitrary Executabâ€¦rmats File System Automount Point.
         Starting Load Kernel Modules...
         Starting Set the console keyboard layout...
[[0;32m  OK  [0m] Listening on udev Kernel Socket.
         Starting udev Coldplug all Devices...
[[0;32m  OK  [0m] Started Forward Password Requests to Wall Directory Watch.
[[0;32m  OK  [0m] Listening on fsck to fsckd communication Socket.
         Starting File System Check on Root Device...
[[0;32m  OK  [0m] Started Journal Service.
[[0;32m  OK  [0m[    9.259970] Loading iSCSI transport class v2.0-870.
] Started Uncomplicated firewall.
[[0;32m  OK  [0m] Mounted Kernel Debug File System.
[[0;32m  OK  [0m] Mounted Huge Pages File System.
[[0;32m  OK  [0m] Started Create list of required staâ€¦vice nodes for the current kernel.
[[0;32m  OK  [0m] Mounted POSIX Message Queue File System.
[[0;32m  OK  [0m] Started LVM2 metadata daemon.
         Starting Create Static Device Nodes in /dev...
[[0;32m  OK  [0m] Started File System Check Daemon to report status.
[[0;32m  OK  [0m] Started udev Coldplug all Devices.
[[0;32m  OK  [0m] Started Create Static Device Nodes in /dev.
[    9.376357] iscsi: registered transport (tcp)
[[0;32m  OK  [0m] Started Monitoring of LVM2 mirrors,â€¦sing dmeventd or progress polling.
[[0;32m  OK  [0m] Started File System Check on Root Device.
         Starting Remount Root and Kernel File Systems...
[    9.485384] EXT4-fs (sda1): re-mounted. Opts: (null)
[[0;32m  OK  [0m] Started Remount Root and Kernel File Systems.
         Starting udev Kernel Device Manager...
         Starting Load/Save Random Seed...
         Starting Flush Journal to Persistent Storage...
[    9.526479] systemd-journald[403]: Received request to flush runtime journal from PID 1
[[0;32m  OK  [0m] Started Load/Save Random Seed.
[[0;32m  OK  [0m] Started Set the console keyboard layout.
[[0;32m  OK  [0m] Reached target Local File Systems (Pre).
[[0;32m  OK  [0m] Reached target Local File Systems.
         Starting AppArmor initialization...
         Starting Set console font and keymap...
         Starting Tell Plymouth To Write Out Runtime Data...
         Starting ebtables ruleset management...
[[0;32m  OK  [0m] Started udev Kernel Device Manager.
[[0;32m  OK  [0m] Started Dispatch Password Requests to Console Directory Watch.
[[0;32m  OK  [0m] Reached target Local Encrypted Volumes.
[[0;32m  OK  [0m] Started Set console font and keymap.
[[0;32m  OK  [0m] Started Tell Plymouth To Write Out Runtime Data.
[    9.722574] iscsi: registered transport (iser)
[    9.735222] systemd-journald[403]: File /var/log/journal/d0d5f14a06d248b985eb5432e65421fc/system.journal corrupted or uncleanly shut down, renaming and replacing.
[[0;32m  OK  [0m] Started Load Kernel Modules.
         Mounting FUSE Control File System...
         Mounting Kernel Configuration File System...
         Starting Apply Kernel Variables...
[[0;32m  OK  [0m] Mounted FUSE Control File System.
[[0;32m  OK  [0m] Mounted Kernel Configuration File System.
[[0;32m  OK  [0m] Started ebtables ruleset management.
[[0;32m  OK  [0m] Started Apply Kernel Variables.
[[0;32m  OK  [0m] Started Flush Journal to Persistent Storage.
         Starting Create Volatile Files and Directories...
[[0;32m  OK  [0m] Started Create Volatile Files and Directories.
         Starting Update UTMP about System Boot/Shutdown...
[[0;32m  OK  [0m] Started Update UTMP about System Boot/Shutdown.
[[0;32m  OK  [0m] Found device /dev/ttyS0.
[[0;32m  OK  [0m] Started AppArmor initialization.
         Starting Load AppArmor profiles managed internally by snapd...
         Starting Initial cloud-init job (pre-networking)...
         Mounting Arbitrary Executable File Formats File System...
[[0;32m  OK  [0m] Listening on Load/Save RF Kill Switch Status /dev/rfkill Watch.
[[0;32m  OK  [0m] Mounted Arbitrary Executable File Formats File System.
[[0;32m  OK  [0m] Started Load AppArmor profiles managed internally by snapd.
[   13.282016] cloud-init[556]: Cloud-init v. 23.1.2-0ubuntu0~18.04.1 running 'init-local' at Fri, 03 Nov 2023 09:36:00 +0000. Up 13.00 seconds.
[[0;32m  OK  [0m] Started Initial cloud-init job (pre-networking).
[[0;32m  OK  [0m] Reached target Network (Pre).
         Starting Network Service...
[[0;32m  OK  [0m] Started Network Service.
         Starting Network Name Resolution...
         Starting Wait for Network to be Configured...
[[0;32m  OK  [0m] Started Network Name Resolution.
[[0;32m  OK  [0m] Reached target Network.
[[0;32m  OK  [0m] Reached target Host and Network Name Lookups.
[[0;32m  OK  [0m] Started Wait for Network to be Configured.
         Starting Initial cloud-init job (metadata service crawler)...
[   15.206791] cloud-init[683]: Cloud-init v. 23.1.2-0ubuntu0~18.04.1 running 'init' at Fri, 03 Nov 2023 09:36:02 +0000. Up 15.02 seconds.
[   15.220202] cloud-init[683]: ci-info: ++++++++++++++++++++++++++++++++++++++Net device info++++++++++++++++++++++++++++++++++++++
[   15.227467] cloud-init[683]: ci-info: +--------+------+----------------------------+---------------+--------+-------------------+
[   15.234951] cloud-init[683]: ci-info: | Device |  Up  |          Address           |      Mask     | Scope  |     Hw-Address    |
[   15.242244] cloud-init[683]: ci-info: +--------+------+----------------------------+---------------+--------+-------------------+
[   15.249081] cloud-init[683]: ci-info: | enp0s3 | True |         10.0.2.15          | 255.255.255.0 | global | 02:3b:7b:b7:3b:2d |
[   15.255418] cloud-init[683]: ci-info: | enp0s3 | True | fe80::3b:7bff:feb7:3b2d/64 |       .       |  link  | 02:3b:7b:b7:3b:2d |
[   15.261693] cloud-init[683]: ci-info: |   lo   | True |         127.0.0.1          |   255.0.0.0   |  host  |         .         |
[   15.267006] cloud-init[683]: ci-info: |   lo   | True |          ::1/128           |       .       |  host  |         .         |
[   15.272542] cloud-init[683]: ci-info: +--------+------+----------------------------+---------------+--------+-------------------+
[   15.277979] cloud-init[683]: ci-info: ++++++++++++++++++++++++++++Route IPv4 info+++++++++++++++++++++++++++++
[   15.283350] cloud-init[683]: ci-info: +-------+-------------+----------+-----------------+-----------+-------+
[   15.287534] cloud-init[683]: ci-info: | Route | Destination | Gateway  |     Genmask     | Interface | Flags |
[   15.291317] cloud-init[683]: ci-info: +-------+-------------+----------+-----------------+-----------+-------+
[   15.295128] cloud-init[683]: ci-info: |   0   |   0.0.0.0   | 10.0.2.2 |     0.0.0.0     |   enp0s3  |   UG  |
[   15.298961] cloud-init[683]: ci-info: |   1   |   10.0.2.0  | 0.0.0.0  |  255.255.255.0  |   enp0s3  |   U   |
[   15.302616] cloud-init[683]: ci-info: |   2   |   10.0.2.2  | 0.0.0.0  | 255.255.255.255 |   enp0s3  |   UH  |
[   15.306651] cloud-init[683]: ci-info: +-------+-------------+----------+-----------------+-----------+-------+
[   15.310470] cloud-init[683]: ci-info: +++++++++++++++++++Route IPv6 info+++++++++++++++++++
[   15.313644] cloud-init[683]: ci-info: +-------+-------------+---------+-----------+-------+
[   15.316814] cloud-init[683]: ci-info: | Route | Destination | Gateway | Interface | Flags |
[   15.319932] cloud-init[683]: ci-info: +-------+-------------+---------+-----------+-------+
[   15.323058] cloud-init[683]: ci-info: |   1   |  fe80::/64  |    ::   |   enp0s3  |   U   |
[   15.326510] cloud-init[683]: ci-info: |   3   |    local    |    ::   |   enp0s3  |   U   |
[   15.329668] cloud-init[683]: ci-info: |   4   |   ff00::/8  |    ::   |   enp0s3  |   U   |
[   15.332761] cloud-init[683]: ci-info: +-------+-------------+---------+-----------+-------+
[[0;32m  OK  [0m] Started Initial cloud-init job (metadata service crawler).
[[0;32m  OK  [0m] Reached target System Initialization.
[[0;32m  OK  [0m] Started Message of the Day.
[[0;32m  OK  [0m] Started ACPI Events Check.
[[0;32m  OK  [0m] Listening on cloud-init hotplug hook socket.
[[0;32m  OK  [0m] Started Discard unused blocks once a week.
         Starting LXD - unix socket.
[[0;32m  OK  [0m] Reached target Paths.
[[0;32m  OK  [0m] Started Daily Cleanup of Temporary Directories.
         Starting Socket activation for snappy daemon.
[[0;32m  OK  [0m] Listening on UUID daemon activation socket.
[[0;32m  OK  [0m] Started Ubuntu Advantage Timer for running repeated jobs.
[[0;32m  OK  [0m] Listening on Open-iSCSI iscsid Socket.
[[0;32m  OK  [0m] Listening on D-Bus System Message Bus Socket.
[[0;32m  OK  [0m] Listening on ACPID Listen Socket.
[[0;32m  OK  [0m] Started Daily apt upgrade and clean activities.
[[0;32m  OK  [0m] Reached target Timers.
[[0;32m  OK  [0m] Reached target Cloud-config availability.
[[0;32m  OK  [0m] Reached target Network is Online.
         Starting Availability of block devices...
[[0;32m  OK  [0m] Reached target Remote File Systems (Pre).
         Mounting /vagrant...
[[0;32m  OK  [0m] Listening on LXD - unix socket.
[[0;32m  OK  [0m] Listening on Socket activation for snappy daemon.
[[0;32m  OK  [0m] Reached target Sockets.
[[0;32m  OK  [0m] Reached target Basic System.
[[0;32m  OK  [0m] Reached target Login Prompts (Pre).
         Starting Dispatcher daemon for systemd-networkd...
         Starting Accounts Service...
[[0;32m  OK  [0m] Started Deferred execution scheduler.
         Starting Login Service...
         Starting LXD - container startup/shutdown...
[[0;32m  OK  [0m] Started FUSE filesystem for LXC.
         Starting OpenBSD Secure Shell server...
         Starting LSB: Record successful boot for GRUB...
[[0;32m  OK  [0m] Started D-Bus System Message Bus.
[[0;32m  OK  [0m] Started Regular background program processing daemon.
[[0;32m  OK  [0m] Started irqbalance daemon.
         Starting Virtualbox guest utils...
         Starting Snap Daemon...
         Starting System Logging Service...
[[0;32m  OK  [0m] Started Availability of block devices.
[[0;32m  OK  [0m] Mounted /vagrant.
[[0;32m  OK  [0m] Started LXD - container startup/shutdown.
[[0;32m  OK  [0m] Started Login Service.
[[0;32m  OK  [0m] Started OpenBSD Secure Shell server.
[[0;32m  OK  [0m] Started System Logging Service.
         Starting Authorization Manager...
[[0;32m  OK  [0m] Started Unattended Upgrades Shutdown.
[[0;32m  OK  [0m] Reached target Remote File Systems.
         Starting Permit User Sessions...
         Starting LSB: automatic crash report generation...
[[0;32m  OK  [0m] Started Dispatcher daemon for systemd-networkd.
[[0;32m  OK  [0m] Started Permit User Sessions.
         Starting Hold until boot process finishes up...
         Starting Terminate Plymouth Boot Screen...
[[0;32m  OK  [0m] Started Hold until boot process finishes up.
[[0;32m  OK  [0m] Started LSB: Record successful boot for GRUB.
[[0;32m  OK  [0m] Started Terminate Plymouth Boot Screen.
[[0;32m  OK  [0m] Started Serial Getty on ttyS0.
         Starting Set console scheme...
[[0;32m  OK  [0m] Started Authorization Manager.
[[0;32m  OK  [0m] Started Accounts Service.
[[0;32m  OK  [0m] Started Set console scheme.
[[0;32m  OK  [0m] Created slice system-getty.slice.
[[0;32m  OK  [0m] Started Getty on tty1.
[[0;32m  OK  [0m] Reached target Login Prompts.
[[0;32m  OK  [0m] Started LSB: automatic crash report generation.
[[0;32m  OK  [0m] Started Virtualbox guest utils.
[[0;32m  OK  [0m] Created slice User Slice of vagrant.
         Starting User Manager for UID 1000...
[[0;32m  OK  [0m] Started Session 1 of user vagrant.
[[0;32m  OK  [0m] Started User Manager for UID 1000.
[[0;32m  OK  [0m] Started Snap Daemon.
         Starting Wait until snapd is fully seeded...
         Starting Time & Date Service...
[[0;32m  OK  [0m] Started Time & Date Service.
[[0;32m  OK  [0m] Started Wait until snapd is fully seeded.
         Starting Apply the settings specified in cloud-config...
[   18.912698] cloud-init[1128]: Cloud-init v. 23.1.2-0ubuntu0~18.04.1 running 'modules:config' at Fri, 03 Nov 2023 09:36:05 +0000. Up 18.73 seconds.
[[0;32m  OK  [0m] Started Apply the settings specified in cloud-config.
[[0;32m  OK  [0m] Reached target Multi-User System.
[[0;32m  OK  [0m] Reached target Graphical Interface.
         Starting Update UTMP about System Runlevel Changes...
         Starting Execute cloud user/final scripts...
[[0;32m  OK  [0m] Started Update UTMP about System Runlevel Changes.
[   19.738321] cloud-init[1196]: Cloud-init v. 23.1.2-0ubuntu0~18.04.1 running 'modules:final' at Fri, 03 Nov 2023 09:36:06 +0000. Up 19.55 seconds.
[   19.746075] cloud-init[1196]: Cloud-init v. 23.1.2-0ubuntu0~18.04.1 finished at Fri, 03 Nov 2023 09:36:06 +0000. Datasource DataSourceNoCloud [seed=/dev/sdb][dsmode=net].  Up 19.72 seconds
[[0;32m  OK  [0m] Started Execute cloud user/final scripts.
[[0;32m  OK  [0m] Reached target Cloud-init target.

Ubuntu 18.04.6 LTS ubuntu-bionic ttyS0

ubuntu-bionic login: 